  Trwa skanowanie źródeł pod kątem zależności modułów...
  przycisk.ixx
  Trwa kompilowanie…
  przycisk.ixx
C:\Users\user\Desktop\C++\pk4\mametchi\projekt\przycisk.ixx(9,20): warning C5201: deklaracja modułu może występować tylko na początku jednostki translacji, chyba że zostanie użyty fragment modułu globalnego
  interfejs.ixx
C:\Users\user\Desktop\C++\pk4\mametchi\projekt\interfejs.ixx(19,24): warning C5201: deklaracja modułu może występować tylko na początku jednostki translacji, chyba że zostanie użyty fragment modułu globalnego
C:\Users\user\Desktop\C++\pk4\mametchi\projekt\interfejs.ixx(77,24): warning C4834: odrzucanie zwracanej wartości funkcji z atrybutem „nodiscard”
C:\Users\user\Desktop\C++\pk4\mametchi\projekt\interfejs.ixx(84,22): warning C4834: odrzucanie zwracanej wartości funkcji z atrybutem „nodiscard”
C:\Users\user\Desktop\C++\pk4\mametchi\projekt\interfejs.ixx(79,35): warning C4101: "oor": lokalna zmienna, do której nie istnieje odwołanie
C:\Users\user\Desktop\C++\pk4\mametchi\projekt\interfejs.ixx(89,35): warning C4101: "oor": lokalna zmienna, do której nie istnieje odwołanie
C:\Users\user\Desktop\C++\pk4\mametchi\projekt\interfejs.ixx(216,38): warning C4101: "oor": lokalna zmienna, do której nie istnieje odwołanie
C:\Users\user\Desktop\C++\pk4\mametchi\projekt\interfejs.ixx(230,37): warning C4101: "oor": lokalna zmienna, do której nie istnieje odwołanie
C:\Users\user\Desktop\C++\pk4\mametchi\projekt\interfejs.ixx(241,38): warning C4101: "oor": lokalna zmienna, do której nie istnieje odwołanie
C:\Users\user\Desktop\C++\pk4\mametchi\projekt\interfejs.ixx(255,37): warning C4101: "oor": lokalna zmienna, do której nie istnieje odwołanie
  gra.ixx
C:\Users\user\Desktop\C++\pk4\mametchi\projekt\gra.ixx(11,18): warning C5201: deklaracja modułu może występować tylko na początku jednostki translacji, chyba że zostanie użyty fragment modułu globalnego
  projekt.cpp
C:\Users\user\Desktop\C++\pk4\mametchi\projekt\projekt.cpp(890,76): warning C4834: odrzucanie zwracanej wartości funkcji z atrybutem „nodiscard”
C:\Users\user\Desktop\C++\pk4\mametchi\projekt\projekt.cpp(892,68): warning C4101: "oor": lokalna zmienna, do której nie istnieje odwołanie
  projekt.vcxproj -> C:\Users\user\Desktop\C++\pk4\mametchi\x64\Debug\projekt.exe
